{
  "author": "Ivan",
  "category": "Horror",
  "title": "Dracula",
  "created_at": "2022-09-21T08:29:24.192Z",
  "id": "1",
  "picture": "",
  "statuses": [
    {
      "id": "1",
      "created_at": "2022-09-21T08:29:24.192Z",
      "status": "Free",
      "person": {
        "id": "1",
        "username": "Dmitry"
      }
    }
  ]
}
