// Jest Snapshot v1, https://goo.gl/fbAQLP

exports[`BookCard Component renders correctly, with snapshots 1`] = `
.emotion-0 {
  -webkit-flex-shrink: 0;
  -ms-flex-negative: 0;
  flex-shrink: 0;
  width: 12rem;
  background-color: #FFFFFF;
  border-radius: 0.75rem;
  padding: 1rem;
  display: -webkit-box;
  display: -webkit-flex;
  display: -ms-flexbox;
  display: flex;
  -webkit-flex-direction: column;
  -ms-flex-direction: column;
  flex-direction: column;
  cursor: pointer;
  -webkit-transition: box-shadow 0.3s;
  transition: box-shadow 0.3s;
}

.emotion-0:hover {
  box-shadow: 0px 6px 14px -6px rgba(24, 39, 75, 0.08),0px 10px 32px -4px rgba(24, 39, 75, 0.08);
}

@media (min-width: 30rem) {
  .emotion-0 {
    min-height: 19.5rem;
  }
}

@media (max-width: 30rem) {
  .emotion-0 {
    -webkit-flex-direction: row;
    -ms-flex-direction: row;
    flex-direction: row;
    height: -webkit-min-content;
    height: -moz-min-content;
    height: min-content;
    width: 100%;
  }
}

.emotion-1 {
  width: 7rem;
  height: 12rem;
  margin-bottom: 0.5rem;
  -webkit-align-self: center;
  -ms-flex-item-align: center;
  align-self: center;
}

@media (max-width: 30rem) {
  .emotion-1 {
    width: 5rem;
    height: 8rem;
    margin-right: 1rem;
  }
}

.emotion-2 {
  display: -webkit-box;
  display: -webkit-flex;
  display: -ms-flexbox;
  display: flex;
  -webkit-box-pack: start;
  -ms-flex-pack: start;
  -webkit-justify-content: start;
  justify-content: start;
  -webkit-flex-direction: column;
  -ms-flex-direction: column;
  flex-direction: column;
}

.emotion-3 {
  text-overflow: ellipsis;
  white-space: nowrap;
  overflow: hidden;
  max-width: 10rem;
  font-weight: 500;
  font-size: 0.875rem;
  line-height: 1rem;
  color: #333333;
}

.emotion-4 {
  max-width: 10rem;
  font-weight: 300;
  font-size: 0.875rem;
  line-height: 1rem;
  color: #4F4F4F;
  margin: 0.5rem 0;
}

@media (max-width: 30rem) {
  .emotion-5 {
    width: -webkit-fit-content;
    width: -moz-fit-content;
    width: fit-content;
    padding: 0 4px;
    border-radius: 4px;
  }
}

.emotion-6 {
  font-weight: 500;
  font-size: 0.875rem;
  line-height: 1rem;
  color: #2AA816;
}

@media (max-width: 30rem) {
  .emotion-6 {
    font-size: 0.625rem;
  }
}

<div
  class="emotion-0"
  data-testid="bookCard"
>
  <img
    class="emotion-1"
    data-testid="bookImage"
    src="BookImage.png"
  />
  <div
    class="emotion-2"
  >
    <h3
      class="emotion-3"
      data-testid="bookTitle"
    >
      The test book
    </h3>
    <p
      class="emotion-4"
    >
      Test / Test
    </p>
    <div
      class="emotion-5"
      data-testid="bookStatus"
    >
      <p
        class="emotion-6"
      >
        Statuses.Free
      </p>
    </div>
  </div>
</div>
`;
