// Jest Snapshot v1, https://goo.gl/fbAQLP

exports[`render DescriptionBook component renders correctly with snapshots 1`] = `
.emotion-0 {
  display: -webkit-box;
  display: -webkit-flex;
  display: -ms-flexbox;
  display: flex;
}

@media (max-width: 30rem) {
  .emotion-0 {
    -webkit-flex-direction: column;
    -ms-flex-direction: column;
    flex-direction: column;
    -webkit-align-items: center;
    -webkit-box-align: center;
    -ms-flex-align: center;
    align-items: center;
  }
}

.emotion-1 {
  display: inline-block;
  width: 12rem;
  height: 19.5rem;
  border-radius: 10px;
}

@media (max-width: 30rem) {
  .emotion-1 {
    margin-right: 1rem;
  }
}

.emotion-2 {
  width: 100%;
  margin-left: 1.5rem;
}

@media (max-width: 30rem) {
  .emotion-2 {
    margin: 0;
  }
}

.emotion-3 {
  font-weight: 700;
  margin-bottom: 1.5rem;
  font-size: 1.25rem;
  line-height: 1.5rem;
  color: #333333;
}

@media (max-width: 30rem) {
  .emotion-3 {
    margin-bottom: 0;
    margin-top: 1rem;
  }
}

.emotion-4 {
  margin: 1rem 0 0.5rem 0;
  font-weight: 500;
  font-size: 1rem;
  line-height: 1.25rem;
  color: #333333;
}

.emotion-5 {
  cursor: pointer;
  margin: 0.5rem 0;
  font-weight: 300;
  color: #1A1ED6;
  font-size: 1rem;
  line-height: 1.25rem;
  -webkit-text-decoration: underline;
  text-decoration: underline;
}

.emotion-7 {
  font-weight: 300;
  font-size: 1rem;
  line-height: 1.25rem;
  color: #333333;
}

.emotion-11 {
  font-size: 1rem;
}

@media (max-width: 30rem) {
  .emotion-12 {
    width: -webkit-fit-content;
    width: -moz-fit-content;
    width: fit-content;
    padding: 0 4px;
    border-radius: 4px;
  }
}

.emotion-13 {
  font-weight: 500;
  font-size: 0.875rem;
  line-height: 1rem;
  color: #2AA816;
}

@media (max-width: 30rem) {
  .emotion-13 {
    font-size: 0.625rem;
  }
}

<div
  class="emotion-0"
  data-testid="description-book"
>
  <img
    class="emotion-1"
    src="BookImage.png"
  />
  <div
    class="emotion-2"
  >
    <h3
      class="emotion-3"
    >
      Dracula
    </h3>
    <p
      class="emotion-4"
    >
      Genre: 
    </p>
    <a
      class="emotion-5"
    >
      Fantasy
    </a>
    <p
      class="emotion-4"
    >
      Author: 
    </p>
    <p
      class="emotion-7"
    >
      Ivan Uglovets
    </p>
    <p
      class="emotion-4"
    >
      Location: 
    </p>
    <p
      class="emotion-7"
    >
      Gomel
    </p>
    <p
      class="emotion-4"
    >
      State: 
    </p>
    <div
      class="emotion-11"
    >
      <div
        class="emotion-12"
        data-testid="bookStatus"
      >
        <p
          class="emotion-13"
        >
          Statuses.Free
        </p>
      </div>
    </div>
  </div>
</div>
`;
