// Jest Snapshot v1, https://goo.gl/fbAQLP

exports[`UserCard Component should match snapshot 1`] = `
.emotion-0 {
  display: -webkit-box;
  display: -webkit-flex;
  display: -ms-flexbox;
  display: flex;
  -webkit-flex-direction: row;
  -ms-flex-direction: row;
  flex-direction: row;
  -webkit-column-gap: 4px;
  column-gap: 4px;
  -webkit-align-items: center;
  -webkit-box-align: center;
  -ms-flex-align: center;
  align-items: center;
  background: #FFFFFF;
  height: 250px;
  width: auto;
  box-shadow: 0px 10px 70px rgba(26, 30, 214, 0.08);
  border-radius: 10px;
  padding: 32px;
}

.emotion-1 {
  display: -webkit-box;
  display: -webkit-flex;
  display: -ms-flexbox;
  display: flex;
  width: 115px;
  height: 186px;
  object-fit: cover;
}

.emotion-2 {
  display: -webkit-box;
  display: -webkit-flex;
  display: -ms-flexbox;
  display: flex;
  -webkit-flex-direction: column;
  -ms-flex-direction: column;
  flex-direction: column;
  row-gap: inherit;
  margin-left: 24px;
  font-size: 1rem;
  row-gap: 8px;
}

.emotion-3 {
  font-weight: 700;
  font-size: 1.5rem;
  line-height: 1.5rem;
  margin-bottom: 1rem;
}

.emotion-4 {
  display: -webkit-box;
  display: -webkit-flex;
  display: -ms-flexbox;
  display: flex;
  -webkit-flex-direction: row;
  -ms-flex-direction: row;
  flex-direction: row;
  -webkit-column-gap: 4px;
  column-gap: 4px;
  -webkit-align-items: center;
  -webkit-box-align: center;
  -ms-flex-align: center;
  align-items: center;
}

.emotion-5 {
  font-weight: 500;
  font-size: 1rem;
  line-height: 1.25rem;
}

.emotion-6 {
  font-weight: 300;
  font-size: 1rem;
  line-height: 1.25rem;
}

.emotion-10 {
  display: -webkit-box;
  display: -webkit-flex;
  display: -ms-flexbox;
  display: flex;
  -webkit-flex-direction: column;
  -ms-flex-direction: column;
  flex-direction: column;
  row-gap: inherit;
}

.emotion-11 {
  display: -webkit-box;
  display: -webkit-flex;
  display: -ms-flexbox;
  display: flex;
  -webkit-flex-direction: row;
  -ms-flex-direction: row;
  flex-direction: row;
  -webkit-column-gap: 4px;
  column-gap: 4px;
}

.emotion-12 {
  font-weight: 500;
  font-size: inherit;
  line-height: 1.25rem;
}

.emotion-13 {
  font-weight: 300;
  font-size: inherit;
  line-height: 1.25rem;
}

.emotion-20 {
  display: -webkit-box;
  display: -webkit-flex;
  display: -ms-flexbox;
  display: flex;
  -webkit-flex-direction: column;
  -ms-flex-direction: column;
  flex-direction: column;
  margin-bottom: auto;
  margin-left: auto;
  max-width: 276px;
  width: 100%;
  row-gap: 8px;
}

.emotion-21 {
  -webkit-user-select: none;
  -moz-user-select: none;
  -ms-user-select: none;
  user-select: none;
  cursor: pointer;
  display: -webkit-box;
  display: -webkit-flex;
  display: -ms-flexbox;
  display: flex;
  -webkit-box-pack: center;
  -ms-flex-pack: center;
  -webkit-justify-content: center;
  justify-content: center;
  -webkit-align-items: center;
  -webkit-box-align: center;
  -ms-flex-align: center;
  align-items: center;
  background-color: #FFFFFF;
  border-radius: 1.875rem;
  height: 3.125rem;
  width: 100%;
  border: 2px solid #1A1ED6;
}

.emotion-21:hover {
  background-color: #FFFFFF;
  border: 2px solid #1A1DB1;
}

.emotion-21:hover svg {
  fill: #1A1DB1;
}

.emotion-21:hover span {
  color: #1A1DB1;
}

.emotion-21:active {
  background-color: #FFFFFF;
  border: 2px solid #1A1DB1;
}

.emotion-21:active svg {
  fill: #1A1DB1;
}

.emotion-21:active span {
  color: #1A1DB1;
}

.emotion-21:disabled {
  background: #BDBDBD;
  cursor: default;
}

.emotion-21 svg {
  fill: #1A1DB1;
  height: auto;
  max-width: 1.5rem;
}

.emotion-21 span {
  font-size: 1rem;
  font-weight: 700;
  line-height: 1.25rem;
  color: #1A1DB1;
  margin-left: 0.625rem;
}

.emotion-21:hover {
  border-color: #1A1DB1;
}

.emotion-22 {
  -webkit-user-select: none;
  -moz-user-select: none;
  -ms-user-select: none;
  user-select: none;
  cursor: pointer;
  display: -webkit-box;
  display: -webkit-flex;
  display: -ms-flexbox;
  display: flex;
  -webkit-box-pack: center;
  -ms-flex-pack: center;
  -webkit-justify-content: center;
  justify-content: center;
  -webkit-align-items: center;
  -webkit-box-align: center;
  -ms-flex-align: center;
  align-items: center;
  background-color: #FFFFFF;
  border-radius: 1.875rem;
  height: 3.125rem;
  width: 100%;
  border: 2px solid #BDBDBD;
}

.emotion-22:hover {
  background-color: #FFFFFF;
  border: 2px solid #FF372A;
}

.emotion-22:hover svg {
  fill: #FF372A;
}

.emotion-22:hover span {
  color: #FF372A;
}

.emotion-22:active {
  background-color: #FF372A;
  border: 2px solid #FF372A;
}

.emotion-22:active svg {
  fill: #FFFFFF;
}

.emotion-22:active span {
  color: #FFFFFF;
}

.emotion-22:disabled {
  background: #BDBDBD;
  cursor: default;
}

.emotion-22 svg {
  fill: #BDBDBD;
  height: auto;
  max-width: 1.5rem;
}

.emotion-22 span {
  font-size: 1rem;
  font-weight: 700;
  line-height: 1.25rem;
  color: #BDBDBD;
  margin-left: 0.625rem;
}

.emotion-23 {
  -webkit-user-select: none;
  -moz-user-select: none;
  -ms-user-select: none;
  user-select: none;
  cursor: pointer;
  display: -webkit-box;
  display: -webkit-flex;
  display: -ms-flexbox;
  display: flex;
  -webkit-box-pack: center;
  -ms-flex-pack: center;
  -webkit-justify-content: center;
  justify-content: center;
  -webkit-align-items: center;
  -webkit-box-align: center;
  -ms-flex-align: center;
  align-items: center;
  background-color: #FFFFFF;
  border-radius: 1.875rem;
  height: 3.125rem;
  width: 100%;
  border: 2px solid #1A1ED6;
}

.emotion-23:hover {
  background-color: #FFFFFF;
  border: 2px solid #1A1DB1;
}

.emotion-23:hover svg {
  fill: #1A1DB1;
}

.emotion-23:hover span {
  color: #1A1DB1;
}

.emotion-23:active {
  background-color: #FFFFFF;
  border: 2px solid #1A1DB1;
}

.emotion-23:active svg {
  fill: #1A1DB1;
}

.emotion-23:active span {
  color: #1A1DB1;
}

.emotion-23:disabled {
  background: #BDBDBD;
  cursor: default;
}

.emotion-23 svg {
  fill: #1A1DB1;
  height: auto;
  max-width: 1.5rem;
}

.emotion-23 span {
  font-size: 1rem;
  font-weight: 700;
  line-height: 1.25rem;
  color: #1A1DB1;
}

.emotion-23:hover {
  border-color: #1A1DB1;
}

<div
  class="emotion-0"
  data-testid="user-card"
>
  <img
    class="emotion-1"
    src="avatar.jpg"
  />
  <div
    class="emotion-2"
  >
    <p
      class="emotion-3"
    >
      Pete
    </p>
    <div
      class="emotion-4"
    >
      <p
        class="emotion-5"
      >
        UserCard.Position
      </p>
      <p
        class="emotion-6"
      >
        JS Developer
      </p>
    </div>
    <div
      class="emotion-4"
    >
      <p
        class="emotion-5"
      >
        E-mail:
      </p>
      <p
        class="emotion-6"
      >
        pushking@gmail.com
      </p>
    </div>
    <div
      class="emotion-10"
    >
      <div
        class="emotion-11"
      >
        <p
          class="emotion-12"
        >
          Readers.SingleUser.ClaimHistory
        </p>
        <p
          class="emotion-13"
        >
          -
        </p>
      </div>
      <div
        class="emotion-11"
      >
        <p
          class="emotion-12"
        >
          Readers.SingleUser.ClaimNow
        </p>
        <p
          class="emotion-13"
        >
          -
        </p>
      </div>
      <div
        class="emotion-11"
      >
        <p
          class="emotion-12"
        >
          Statuses.Overdue: 
        </p>
        <p
          class="emotion-13"
        >
          -
        </p>
      </div>
    </div>
  </div>
  <div
    class="emotion-20"
  >
    <button
      class="emotion-21"
      data-testid="notification-btn"
      type="button"
      value="UserCard.CreateNotification"
    >
      <svg>
        NoNotification.svg
      </svg>
      <span>
        UserCard.CreateNotification
      </span>
    </button>
    <button
      class="emotion-22"
      type="button"
      value="UserCard.BlockUser"
    >
      <svg>
        Block.svg
      </svg>
      <span>
        UserCard.BlockUser
      </span>
    </button>
    <button
      class="emotion-23"
      type="button"
      value="UserCard.MakeManager"
    >
      <span>
        UserCard.MakeManager
      </span>
    </button>
  </div>
</div>
`;
