// Jest Snapshot v1, https://goo.gl/fbAQLP

exports[`Statistics Modal Component should match snapshot 1`] = `
.emotion-0 {
  justify-self: center;
  background: radial-gradient(
        circle closest-side,
        #FFFFFF 0,
        #FFFFFF 55%,
        transparent 55%,
        transparent 100%
      ),conic-gradient(
        from 270deg,
        #2AA816 0,
        #2AA816 25%,
        #1A1ED6 0,
        #1A1ED6 37.5%,
        #FF372A 0,
        #FF372A
          50%,
        #E0E0E0 0,
        #E0E0E0
          50%,
        #FFFFFF 0,
        #FFFFFF 100%
      );
  width: 290px;
  height: 290px;
  border-radius: 50%;
  margin-bottom: -10rem;
  margin-top: -10px;
}

<figure
  class="emotion-0"
  data-testid="statistics-chart"
/>
`;

exports[`Statistics Modal Component should match snapshot 2`] = `
.emotion-0 {
  display: -webkit-box;
  display: -webkit-flex;
  display: -ms-flexbox;
  display: flex;
  top: 18rem;
  -webkit-align-items: center;
  -webkit-box-align: center;
  -ms-flex-align: center;
  align-items: center;
  -webkit-box-pack: justify;
  -webkit-justify-content: space-between;
  justify-content: space-between;
  gap: 1.5rem;
  margin-bottom: -10px;
}

@media (max-width: 48rem) {
  .emotion-0 {
    display: grid;
    grid-template-columns: 1fr 1fr;
    row-gap: 1rem;
    margin-left: 2rem;
  }
}

.emotion-1 {
  display: -webkit-box;
  display: -webkit-flex;
  display: -ms-flexbox;
  display: flex;
  -webkit-align-items: center;
  -webkit-box-align: center;
  -ms-flex-align: center;
  align-items: center;
  gap: 0.5rem;
}

.emotion-2 {
  width: 1rem;
  height: 1rem;
  border-radius: 50%;
  -webkit-flex-shrink: 0;
  -ms-flex-negative: 0;
  flex-shrink: 0;
  background-color: #2AA816;
}

.emotion-3 {
  display: -webkit-box;
  display: -webkit-flex;
  display: -ms-flexbox;
  display: flex;
  -webkit-flex-direction: column;
  -ms-flex-direction: column;
  flex-direction: column;
  margin-left: 2px;
}

.emotion-4 {
  font: #333333;
  font-size: 0.875rem;
  line-height: 16px;
}

.emotion-5 {
  font: #333333;
  font-size: 0.75rem;
  line-height: 16px;
}

.emotion-7 {
  width: 1rem;
  height: 1rem;
  border-radius: 50%;
  -webkit-flex-shrink: 0;
  -ms-flex-negative: 0;
  flex-shrink: 0;
  background-color: #1A1ED6;
}

.emotion-12 {
  width: 1rem;
  height: 1rem;
  border-radius: 50%;
  -webkit-flex-shrink: 0;
  -ms-flex-negative: 0;
  flex-shrink: 0;
  background-color: #FF372A;
}

.emotion-17 {
  width: 1rem;
  height: 1rem;
  border-radius: 50%;
  -webkit-flex-shrink: 0;
  -ms-flex-negative: 0;
  flex-shrink: 0;
  background-color: #E0E0E0;
}

<div
  class="emotion-0"
  data-testid="statistics-legend"
>
  <div
    class="emotion-1"
    data-testid="statistics-free"
  >
    <div
      class="emotion-2"
      color="#2AA816"
    />
    <div
      class="emotion-3"
    >
      <div
        class="emotion-4"
      >
        Statuses.Free
      </div>
      <div
        class="emotion-5"
      >
        2
      </div>
    </div>
  </div>
  <div
    class="emotion-1"
    data-testid="statistics-claimed"
  >
    <div
      class="emotion-7"
      color="#1A1ED6"
    />
    <div
      class="emotion-3"
    >
      <div
        class="emotion-4"
      >
        Statuses.Claimed
      </div>
      <div
        class="emotion-5"
      >
        1
      </div>
    </div>
  </div>
  <div
    class="emotion-1"
    data-testid="statistics-overdue"
  >
    <div
      class="emotion-12"
      color="#FF372A"
    />
    <div
      class="emotion-3"
    >
      <div
        class="emotion-4"
      >
        Statuses.Overdue
      </div>
      <div
        class="emotion-5"
      >
        1
      </div>
    </div>
  </div>
  <div
    class="emotion-1"
    data-testid="statistics-pending"
  >
    <div
      class="emotion-17"
      color="#E0E0E0"
    />
    <div
      class="emotion-3"
    >
      <div
        class="emotion-4"
      >
        Statuses.Pending
      </div>
      <div
        class="emotion-5"
      >
        0
      </div>
    </div>
  </div>
</div>
`;
